$ git rev-parse HEAD
00063d445d9c25f957c0c6474701fb61d1217f67

$ docker version --format {{.Server.Version}}
29.7.2

$ docker info --format {{.CgroupVersion}}
2

host: {"system": "Darwin", "release": "25.6.0", "machine": "arm64", "python_version": "3.12.14", "docker_version": "29.7.2", "cgroup_version": "2"}
PLATFORM SCOPE: macOS/Docker Desktop only in this pass (threat-model.md A9). Evidence directory: /Users/chandrasekhar/code/codeagent/spikes/s4/evidence/macos-docker-desktop-arm64/run-m3-followup-20260913T160240Z-523c01b6
run info: {"purpose": "S4 post-hardening follow-up: validate the Milestone 3 executor changes (--memory-swap, OOM classification) made in direct response to the original S4 spike's open questions.", "run_id": "run-m3-followup-20260913T160240Z-523c01b6", "expected_source_commit": "00063d445d9c25f957c0c6474701fb61d1217f67", "actual_source_commit": "00063d445d9c25f957c0c6474701fb61d1217f67", "source_commit_matches_expected": true, "triggered_at": "2026-09-13T16:02:41Z"}
tested production config: {"image": "python:3.12-slim@sha256:78387bc3881b8273120a12ebe6c1ab22b018ccc2c9adf565ae1ac9b536e184ea", "security_flags": ["--network", "none", "--read-only", "--tmpfs", "/tmp:rw,size=64m", "--memory", "512m", "--memory-swap", "512m", "--cpus", "1", "--pids-limit", "128", "--user", "1000:1000", "--cap-drop", "ALL", "--security-opt", "no-new-privileges"]}
$ docker ps -a --format {{.Names}}

--- CHECK: memory_swap_configuration ---
$ docker create --name codeagent-spike-s4-m3-followup-twin-0e934777 --label codeagent.spike=s4 --network none --read-only --tmpfs /tmp:rw,size=64m --memory 512m --memory-swap 512m --cpus 1 --pids-limit 128 --user 1000:1000 --cap-drop ALL --security-opt no-new-privileges --mount type=bind,source=/var/folders/l7/x1hh4mbn57x3y8jbfj30d7300000gn/T/codeagent-spike-s4-memory-workdir-200mb-35sfnu9o,target=/workspace,readonly --workdir /workspace python:3.12-slim@sha256:78387bc3881b8273120a12ebe6c1ab22b018ccc2c9adf565ae1ac9b536e184ea python3 -B -c chunks = []
try:
    for _ in range(200):
        b = bytearray(1024 * 1024)
        for i in range(0, len(b), 4096):
            b[i] = 1
        chunks.append(b)
    print('ALLOCATION_SURVIVED', len(chunks))
except MemoryError:
    print('MEMORY_ERROR_RAISED')

591ffc3fdd7d2aab7e274b33f333c81baf29ddc9a6c79e78d74ecfb365e23abd

$ docker start codeagent-spike-s4-m3-followup-twin-0e934777
codeagent-spike-s4-m3-followup-twin-0e934777

$ docker inspect --format {{.State.OOMKilled}} codeagent-spike-s4-m3-followup-twin-0e934777
false

$ docker inspect --format {{.State.ExitCode}} codeagent-spike-s4-m3-followup-twin-0e934777
0

$ docker inspect --format {{.HostConfig.Memory}} codeagent-spike-s4-m3-followup-twin-0e934777
536870912

$ docker inspect --format {{.HostConfig.MemorySwap}} codeagent-spike-s4-m3-followup-twin-0e934777
536870912

$ docker logs codeagent-spike-s4-m3-followup-twin-0e934777
ALLOCATION_SURVIVED 200


--- CHECK: oom_classification ---

--- CHECK: negative_control_ordinary_test_failure ---
$ docker ps -a --format {{.Names}}
codeagent-spike-s4-m3-followup-twin-0e934777

$ docker rm --force codeagent-spike-s4-m3-followup-twin-0e934777
codeagent-spike-s4-m3-followup-twin-0e934777

$ docker ps -a --format {{.Names}}
$ docker ps -a --format {{.Names}}


SUMMARY:
{
  "host": {
    "system": "Darwin",
    "release": "25.6.0",
    "machine": "arm64",
    "python_version": "3.12.14",
    "docker_version": "29.7.2",
    "cgroup_version": "2"
  },
  "run_info": {
    "purpose": "S4 post-hardening follow-up: validate the Milestone 3 executor changes (--memory-swap, OOM classification) made in direct response to the original S4 spike's open questions.",
    "run_id": "run-m3-followup-20260913T160240Z-523c01b6",
    "expected_source_commit": "00063d445d9c25f957c0c6474701fb61d1217f67",
    "actual_source_commit": "00063d445d9c25f957c0c6474701fb61d1217f67",
    "source_commit_matches_expected": true,
    "triggered_at": "2026-09-13T16:02:41Z"
  },
  "tested_image": "python:3.12-slim@sha256:78387bc3881b8273120a12ebe6c1ab22b018ccc2c9adf565ae1ac9b536e184ea",
  "tested_security_flags": [
    "--network",
    "none",
    "--read-only",
    "--tmpfs",
    "/tmp:rw,size=64m",
    "--memory",
    "512m",
    "--memory-swap",
    "512m",
    "--cpus",
    "1",
    "--pids-limit",
    "128",
    "--user",
    "1000:1000",
    "--cap-drop",
    "ALL",
    "--security-opt",
    "no-new-privileges"
  ],
  "classifications": {
    "memory_swap_configuration": "PASS",
    "oom_classification": "PASS",
    "negative_control_ordinary_test_failure": "PASS"
  },
  "cleanup_all_clean": true,
  "overall_verdict": "PASS"
}
